// Jest Snapshot v1, https://goo.gl/fbAQLP

exports[`Card should match the snapshot 1`] = `
ShallowWrapper {
  "length": 1,
  Symbol(enzyme.__root__): [Circular],
  Symbol(enzyme.__unrendered__): <Card
    card={
        Object {
            "class": "people-card",
            "data": Object {
              "homeworld": "Tatooine",
              "language": "Galactic Basic",
              "population": "200000",
              "species": "Human",
            },
            "name": "Luke Skywalker",
          }
    }
    setFavorites={[Function]}
/>,
  Symbol(enzyme.__renderer__): Object {
    "batchedUpdates": [Function],
    "getNode": [Function],
    "render": [Function],
    "simulateEvent": [Function],
    "unmount": [Function],
  },
  Symbol(enzyme.__node__): Object {
    "instance": null,
    "key": undefined,
    "nodeType": "host",
    "props": Object {
      "children": Array [
        <button
          className="star-button undefined"
          onClick={[Function]}
>
          <Icon
                    fill="currentColor"
                    icon={
                              Object {
                                        "children": Array [
                                          Object {
                                            "attribs": Object {
                                              "d": "M16 6.204l-5.528-0.803-2.472-5.009-2.472 5.009-5.528 0.803 4 3.899-0.944 5.505 4.944-2.599 4.944 2.599-0.944-5.505 4-3.899z",
                                              "fill": "#000000",
                                            },
                                            "name": "path",
                                          },
                                        ],
                                        "viewBox": "0 0 16 16",
                                      }
                    }
                    size={20}
          />
</button>,
        <h2>
          Luke Skywalker
</h2>,
        Array [
          <p>
            homeworld
            : 
            Tatooine
</p>,
          <p>
            language
            : 
            Galactic Basic
</p>,
          <p>
            population
            : 
            200000
</p>,
          <p>
            species
            : 
            Human
</p>,
        ],
      ],
      "className": "card people-card",
    },
    "ref": null,
    "rendered": Array [
      Object {
        "instance": null,
        "key": undefined,
        "nodeType": "host",
        "props": Object {
          "children": <Icon
            fill="currentColor"
            icon={
                        Object {
                                    "children": Array [
                                      Object {
                                        "attribs": Object {
                                          "d": "M16 6.204l-5.528-0.803-2.472-5.009-2.472 5.009-5.528 0.803 4 3.899-0.944 5.505 4.944-2.599 4.944 2.599-0.944-5.505 4-3.899z",
                                          "fill": "#000000",
                                        },
                                        "name": "path",
                                      },
                                    ],
                                    "viewBox": "0 0 16 16",
                                  }
            }
            size={20}
/>,
          "className": "star-button undefined",
          "onClick": [Function],
        },
        "ref": null,
        "rendered": Object {
          "instance": null,
          "key": undefined,
          "nodeType": "function",
          "props": Object {
            "fill": "currentColor",
            "icon": Object {
              "children": Array [
                Object {
                  "attribs": Object {
                    "d": "M16 6.204l-5.528-0.803-2.472-5.009-2.472 5.009-5.528 0.803 4 3.899-0.944 5.505 4.944-2.599 4.944 2.599-0.944-5.505 4-3.899z",
                    "fill": "#000000",
                  },
                  "name": "path",
                },
              ],
              "viewBox": "0 0 16 16",
            },
            "size": 20,
          },
          "ref": null,
          "rendered": null,
          "type": [Function],
        },
        "type": "button",
      },
      Object {
        "instance": null,
        "key": undefined,
        "nodeType": "host",
        "props": Object {
          "children": "Luke Skywalker",
        },
        "ref": null,
        "rendered": "Luke Skywalker",
        "type": "h2",
      },
      Object {
        "instance": null,
        "key": "0",
        "nodeType": "host",
        "props": Object {
          "children": Array [
            "homeworld",
            ": ",
            "Tatooine",
          ],
        },
        "ref": null,
        "rendered": Array [
          "homeworld",
          ": ",
          "Tatooine",
        ],
        "type": "p",
      },
      Object {
        "instance": null,
        "key": "1",
        "nodeType": "host",
        "props": Object {
          "children": Array [
            "language",
            ": ",
            "Galactic Basic",
          ],
        },
        "ref": null,
        "rendered": Array [
          "language",
          ": ",
          "Galactic Basic",
        ],
        "type": "p",
      },
      Object {
        "instance": null,
        "key": "2",
        "nodeType": "host",
        "props": Object {
          "children": Array [
            "population",
            ": ",
            "200000",
          ],
        },
        "ref": null,
        "rendered": Array [
          "population",
          ": ",
          "200000",
        ],
        "type": "p",
      },
      Object {
        "instance": null,
        "key": "3",
        "nodeType": "host",
        "props": Object {
          "children": Array [
            "species",
            ": ",
            "Human",
          ],
        },
        "ref": null,
        "rendered": Array [
          "species",
          ": ",
          "Human",
        ],
        "type": "p",
      },
    ],
    "type": "div",
  },
  Symbol(enzyme.__nodes__): Array [
    Object {
      "instance": null,
      "key": undefined,
      "nodeType": "host",
      "props": Object {
        "children": Array [
          <button
            className="star-button undefined"
            onClick={[Function]}
>
            <Icon
                        fill="currentColor"
                        icon={
                                    Object {
                                                "children": Array [
                                                  Object {
                                                    "attribs": Object {
                                                      "d": "M16 6.204l-5.528-0.803-2.472-5.009-2.472 5.009-5.528 0.803 4 3.899-0.944 5.505 4.944-2.599 4.944 2.599-0.944-5.505 4-3.899z",
                                                      "fill": "#000000",
                                                    },
                                                    "name": "path",
                                                  },
                                                ],
                                                "viewBox": "0 0 16 16",
                                              }
                        }
                        size={20}
            />
</button>,
          <h2>
            Luke Skywalker
</h2>,
          Array [
            <p>
              homeworld
              : 
              Tatooine
</p>,
            <p>
              language
              : 
              Galactic Basic
</p>,
            <p>
              population
              : 
              200000
</p>,
            <p>
              species
              : 
              Human
</p>,
          ],
        ],
        "className": "card people-card",
      },
      "ref": null,
      "rendered": Array [
        Object {
          "instance": null,
          "key": undefined,
          "nodeType": "host",
          "props": Object {
            "children": <Icon
              fill="currentColor"
              icon={
                            Object {
                                          "children": Array [
                                            Object {
                                              "attribs": Object {
                                                "d": "M16 6.204l-5.528-0.803-2.472-5.009-2.472 5.009-5.528 0.803 4 3.899-0.944 5.505 4.944-2.599 4.944 2.599-0.944-5.505 4-3.899z",
                                                "fill": "#000000",
                                              },
                                              "name": "path",
                                            },
                                          ],
                                          "viewBox": "0 0 16 16",
                                        }
              }
              size={20}
/>,
            "className": "star-button undefined",
            "onClick": [Function],
          },
          "ref": null,
          "rendered": Object {
            "instance": null,
            "key": undefined,
            "nodeType": "function",
            "props": Object {
              "fill": "currentColor",
              "icon": Object {
                "children": Array [
                  Object {
                    "attribs": Object {
                      "d": "M16 6.204l-5.528-0.803-2.472-5.009-2.472 5.009-5.528 0.803 4 3.899-0.944 5.505 4.944-2.599 4.944 2.599-0.944-5.505 4-3.899z",
                      "fill": "#000000",
                    },
                    "name": "path",
                  },
                ],
                "viewBox": "0 0 16 16",
              },
              "size": 20,
            },
            "ref": null,
            "rendered": null,
            "type": [Function],
          },
          "type": "button",
        },
        Object {
          "instance": null,
          "key": undefined,
          "nodeType": "host",
          "props": Object {
            "children": "Luke Skywalker",
          },
          "ref": null,
          "rendered": "Luke Skywalker",
          "type": "h2",
        },
        Object {
          "instance": null,
          "key": "0",
          "nodeType": "host",
          "props": Object {
            "children": Array [
              "homeworld",
              ": ",
              "Tatooine",
            ],
          },
          "ref": null,
          "rendered": Array [
            "homeworld",
            ": ",
            "Tatooine",
          ],
          "type": "p",
        },
        Object {
          "instance": null,
          "key": "1",
          "nodeType": "host",
          "props": Object {
            "children": Array [
              "language",
              ": ",
              "Galactic Basic",
            ],
          },
          "ref": null,
          "rendered": Array [
            "language",
            ": ",
            "Galactic Basic",
          ],
          "type": "p",
        },
        Object {
          "instance": null,
          "key": "2",
          "nodeType": "host",
          "props": Object {
            "children": Array [
              "population",
              ": ",
              "200000",
            ],
          },
          "ref": null,
          "rendered": Array [
            "population",
            ": ",
            "200000",
          ],
          "type": "p",
        },
        Object {
          "instance": null,
          "key": "3",
          "nodeType": "host",
          "props": Object {
            "children": Array [
              "species",
              ": ",
              "Human",
            ],
          },
          "ref": null,
          "rendered": Array [
            "species",
            ": ",
            "Human",
          ],
          "type": "p",
        },
      ],
      "type": "div",
    },
  ],
  Symbol(enzyme.__options__): Object {
    "adapter": ReactSixteenAdapter {
      "options": Object {
        "enableComponentDidUpdateOnSetState": true,
      },
    },
  },
}
`;
